 
****************************************
Report : timing
        -path full
        -delay max
        -max_paths 1
Design : KnightsTour
Version: S-2021.06
Date   : Wed Dec  8 10:47:21 2021
****************************************

Operating Conditions: tt0p85v25c   Library: saed32lvt_tt0p85v25c
Wire Load Model Mode: enclosed

  Startpoint: iNEMO/iINT/yaw_int_reg[0]
              (rising edge-triggered flip-flop clocked by clk)
  Endpoint: iNEMO/iINT/yaw_int_reg[26]
            (rising edge-triggered flip-flop clocked by clk)
  Path Group: clk
  Path Type: max

  Des/Clust/Port     Wire Load Model       Library
  ------------------------------------------------
  KnightsTour        16000                 saed32lvt_tt0p85v25c

  Point                                                   Incr       Path
  --------------------------------------------------------------------------
  clock clk (rise edge)                                   0.00       0.00
  clock network delay (ideal)                             0.00       0.00
  iNEMO/iINT/yaw_int_reg[0]/CLK (DFFARX1_LVT)             0.00       0.00 r
  iNEMO/iINT/yaw_int_reg[0]/Q (DFFARX1_LVT)               0.09       0.09 r
  U1700/Y (AND2X1_LVT)                                    0.04       0.14 r
  iNEMO/iINT/add_1_root_add_0_root_add_179_2/U1_1/CO (FADDX1_LVT)
                                                          0.08       0.21 r
  iNEMO/iINT/add_1_root_add_0_root_add_179_2/U1_2/CO (FADDX1_LVT)
                                                          0.08       0.30 r
  iNEMO/iINT/add_1_root_add_0_root_add_179_2/U1_3/CO (FADDX1_LVT)
                                                          0.08       0.38 r
  iNEMO/iINT/add_1_root_add_0_root_add_179_2/U1_4/CO (FADDX1_LVT)
                                                          0.08       0.46 r
  iNEMO/iINT/add_1_root_add_0_root_add_179_2/U1_5/CO (FADDX1_LVT)
                                                          0.08       0.54 r
  iNEMO/iINT/add_1_root_add_0_root_add_179_2/U1_6/CO (FADDX1_LVT)
                                                          0.08       0.62 r
  iNEMO/iINT/add_1_root_add_0_root_add_179_2/U1_7/CO (FADDX1_LVT)
                                                          0.08       0.70 r
  iNEMO/iINT/add_1_root_add_0_root_add_179_2/U1_8/CO (FADDX1_LVT)
                                                          0.08       0.79 r
  iNEMO/iINT/add_1_root_add_0_root_add_179_2/U1_9/CO (FADDX1_LVT)
                                                          0.08       0.87 r
  iNEMO/iINT/add_1_root_add_0_root_add_179_2/U1_10/CO (FADDX1_LVT)
                                                          0.08       0.95 r
  iNEMO/iINT/add_1_root_add_0_root_add_179_2/U1_11/CO (FADDX1_LVT)
                                                          0.08       1.03 r
  iNEMO/iINT/add_1_root_add_0_root_add_179_2/U1_12/CO (FADDX1_LVT)
                                                          0.08       1.11 r
  iNEMO/iINT/add_1_root_add_0_root_add_179_2/U1_13/CO (FADDX1_LVT)
                                                          0.08       1.19 r
  iNEMO/iINT/add_1_root_add_0_root_add_179_2/U1_14/CO (FADDX1_LVT)
                                                          0.08       1.27 r
  iNEMO/iINT/add_1_root_add_0_root_add_179_2/U1_15/CO (FADDX1_LVT)
                                                          0.08       1.36 r
  iNEMO/iINT/add_1_root_add_0_root_add_179_2/U1_16/CO (FADDX1_LVT)
                                                          0.08       1.44 r
  iNEMO/iINT/add_1_root_add_0_root_add_179_2/U1_17/CO (FADDX1_LVT)
                                                          0.08       1.52 r
  iNEMO/iINT/add_1_root_add_0_root_add_179_2/U1_18/CO (FADDX1_LVT)
                                                          0.08       1.60 r
  iNEMO/iINT/add_1_root_add_0_root_add_179_2/U1_19/CO (FADDX1_LVT)
                                                          0.08       1.68 r
  iNEMO/iINT/add_1_root_add_0_root_add_179_2/U1_20/CO (FADDX1_LVT)
                                                          0.08       1.76 r
  iNEMO/iINT/add_1_root_add_0_root_add_179_2/U1_21/CO (FADDX1_LVT)
                                                          0.08       1.85 r
  iNEMO/iINT/add_1_root_add_0_root_add_179_2/U1_22/CO (FADDX1_LVT)
                                                          0.08       1.93 r
  iNEMO/iINT/add_1_root_add_0_root_add_179_2/U1_23/CO (FADDX1_LVT)
                                                          0.08       2.01 r
  iNEMO/iINT/add_1_root_add_0_root_add_179_2/U1_24/CO (FADDX1_LVT)
                                                          0.08       2.09 r
  iNEMO/iINT/add_1_root_add_0_root_add_179_2/U1_25/S (FADDX1_LVT)
                                                          0.11       2.20 f
  iNEMO/iINT/add_0_root_add_0_root_add_179_2/U1_25/CO (FADDX1_LVT)
                                                          0.09       2.29 f
  iNEMO/iINT/add_0_root_add_0_root_add_179_2/U1_26/S (FADDX1_LVT)
                                                          0.11       2.40 r
  U1692/Y (AO22X1_LVT)                                    0.05       2.45 r
  iNEMO/iINT/yaw_int_reg[26]/D (DFFARX1_LVT)              0.01       2.46 r
  data arrival time                                                  2.46

  clock clk (rise edge)                                   3.00       3.00
  clock network delay (ideal)                             0.00       3.00
  clock uncertainty                                      -0.15       2.85
  iNEMO/iINT/yaw_int_reg[26]/CLK (DFFARX1_LVT)            0.00       2.85 r
  library setup time                                     -0.03       2.82
  data required time                                                 2.82
  --------------------------------------------------------------------------
  data required time                                                 2.82
  data arrival time                                                 -2.46
  --------------------------------------------------------------------------
  slack (MET)                                                        0.36


1
